// Jest Snapshot v1, https://goo.gl/fbAQLP

exports[`Check if Button works properly Check if snapshot is mathced properly 1`] = `
<DocumentFragment>
  <button
    data-testid="button-test-id"
  >
    Click
  </button>
</DocumentFragment>
`;
